[backblue.gif]
[fade.gif]
[index.html]
[maxcdn.bootstrapcdn.com/font-awesome/4.3.0/css/font-awesome.min.css]
[cdnjs.cloudflare.com/ajax/libs/fancybox/2.1.5/jquery.fancybox.min.css]
[cdnjs.cloudflare.com/ajax/libs/flag-icon-css/2.5.0/css/flag-icon.min.css]
[cdnjs.cloudflare.com/ajax/libs/jasny-bootstrap/3.1.3/css/jasny-bootstrap.min.css]
[famobra.com/Files/Images/Famobra/favicon_famobra.png]
[ajax.googleapis.com/ajax/libs/jquery/2.1.1/jquery.min.js]
[famobra.com/Admin/Content/JsLib/dw/Analytics.min.js]
[famobra.com/Files/Images/Famobra/logo/Famobra-Logo_RGB-payoff.png]
[famobra.com/Files/Images/Famobra/email_gul_grey.png]
[famobra.com/Admin/Public/GetImageeb5c.jpg]
[famobra.com/Admin/Public/GetImagea7e7.jpg]
[famobra.com/Admin/Public/GetImagec595.jpg]
[famobra.com/Admin/Public/GetImageda59.jpg]
[famobra.com/Admin/Public/GetImage1df2.jpg]
[famobra.com/Admin/Public/GetImagebbeb.png]
[famobra.com/Admin/Public/GetImaged1ef.png]
[famobra.com/Admin/Public/GetImage6661.png]
[famobra.com/Admin/Public/GetImage6ee5.png]
[famobra.com/Files/Images/Famobra/produktbilleder/produktbilleder-General-Products.png]
[famobra.com/Admin/Public/GetImage724e.png]
[famobra.com/Files/Images/Famobra/linkedin.png]
[cdnjs.cloudflare.com/ajax/libs/jquery-mousewheel/3.1.13/jquery.mousewheel.min.js]
[cdnjs.cloudflare.com/ajax/libs/jquery-easing/1.3/jquery.easing.min.js]
[cdnjs.cloudflare.com/ajax/libs/modernizr/2.8.3/modernizr.min.js]
[cdnjs.cloudflare.com/ajax/libs/fancybox/2.1.5/jquery.fancybox.min.js]
[famobra.com/Files/Templates/Designs/Famobra/js/typeahead.js]
[maxcdn.bootstrapcdn.com/bootstrap/3.3.4/js/bootstrap.min.js]
[famobra.com/Files/Templates/Designs/Famobra/js/jquerybxslidermin.js]
[famobra.com/Files/Templates/Designs/Famobra/js/GeneralMethods.js]
[famobra.com/Files/Templates/Designs/Famobra/js/bootstrap-hover-dropdown_mod.js]
[cdnjs.cloudflare.com/ajax/libs/spin.js/2.0.1/spin.min.js]
[cdnjs.cloudflare.com/ajax/libs/jasny-bootstrap/3.1.3/js/jasny-bootstrap.min.js]
[famobra.com/index.html]
[famobra.com/en/frontpage.html]
[maxcdn.bootstrapcdn.com/font-awesome/4.3.0/css/font-awesome.min.css]
[maxcdn.bootstrapcdn.com/bootstrap/3.3.4/css/bootstrap.min.css]
[cdnjs.cloudflare.com/ajax/libs/fancybox/2.1.5/fancybox_sprite.png]
[cdnjs.cloudflare.com/ajax/libs/fancybox/2.1.5/fancybox_loading.gif]
[cdnjs.cloudflare.com/ajax/libs/fancybox/2.1.5/blank.gif]
[cdnjs.cloudflare.com/ajax/libs/fancybox/2.1.5/fancybox_overlay.png]
[cdnjs.cloudflare.com/ajax/libs/fancybox/2.1.5/fancybox_sprite@2x.png]
[cdnjs.cloudflare.com/ajax/libs/fancybox/2.1.5/jquery.fancybox.min.css]
[cdnjs.cloudflare.com/ajax/libs/flag-icon-css/2.5.0/css/flag-icon.min.css]
[cdnjs.cloudflare.com/ajax/libs/jasny-bootstrap/3.1.3/css/jasny-bootstrap.min.css]
[famobra.com/Files/Templates/Designs/Famobra/css/DWGlobalStyles.min.css]
[famobra.com/Files/Templates/Designs/Famobra/css/invoice.css]
[cdnjs.cloudflare.com/ajax/libs/fancybox/2.1.5/fancybox_loading@2x.gif]
[famobra.com/Files/Templates/Designs/Famobra/css/jquerybxslider.css]
[famobra.com/Files/Templates/Designs/Famobra/css/print.css]
[famobra.com/Files/Templates/Designs/Famobra/css/DWGlobalStylesSite11_auto.mind7c7.css]
[famobra.com/Files/Templates/Designs/Famobra/Images/lock2.png]
[famobra.com/Files/Images/Calgros/mail-icon.png]
[famobra.com/Files/Templates/Designs/Famobra/css/Famobraad01.css]
[famobra.com/Files/Templates/Designs/Famobra/css/typeahead.css]
[famobra.com/Files/Images/Famobra/DivBilleder/Famobra-logo-wall-2.jpg]
[famobra.com/en/om-os.html]
[famobra.com/en/om-os/famobra-in-3-min.html]
[famobra.com/Admin/Public/GetImage1209.jpg]
[famobra.com/Admin/Public/GetImageb034.jpg]
[famobra.com/Admin/Public/GetImagecff8.jpg]
[famobra.com/Admin/Public/GetImage61a8.jpg]
[famobra.com/Admin/Public/GetImagea11c.jpg]
[famobra.com/Admin/Public/GetImageb576.jpg]
[famobra.com/Admin/Public/GetImage49e8.jpg]
[famobra.com/Admin/Public/GetImageea6f.jpg]
[famobra.com/Admin/Public/GetImage7a2b.jpg]
[famobra.com/Admin/Public/GetImagec1ff.jpg]
[famobra.com/Admin/Public/GetImage8c86.jpg]
[famobra.com/Admin/Public/GetImage03f3.jpg]
[famobra.com/Admin/Public/GetImage2c34.jpg]
[famobra.com/Admin/Public/GetImagebd04.jpg]
[famobra.com/Admin/Public/GetImagebf6a.jpg]
[famobra.com/Admin/Public/GetImagedd96.jpg]
[famobra.com/Admin/Public/GetImagee66b.jpg]
[famobra.com/Admin/Public/GetImaged263.jpg]
[famobra.com/Admin/Public/GetImage066b.jpg]
[famobra.com/Admin/Public/GetImage4d47.jpg]
[famobra.com/Admin/Public/GetImage0f80.jpg]
[famobra.com/Admin/Public/GetImage73d1.jpg]
[famobra.com/Admin/Public/GetImage60f8.jpg]
[famobra.com/Admin/Public/GetImageb1bc.jpg]
[famobra.com/en/om-os/our-team.html]
[famobra.com/Files/Images/Famobra/historie/Historie-med-Famobra-pil.jpg]
[famobra.com/en/om-os/history.html]
[famobra.com/Files/Images/Famobra/DivBilleder/Famobra-lastbil-2.jpg]
[famobra.com/en/om-os/customers-and-suppliers.html]
[famobra.com/Files/Images/Famobra/DivBilleder/World-map-famobra-2.gif]
[famobra.com/en/om-os/our-markets.html]
[famobra.com/en/om-os/terms-and-conditions.html]
[famobra.com/en/om-os/code-of-conduct.html]
[famobra.com/en/om-os/job.html]
[famobra.com/en/products.html]
[famobra.com/Files/Images/Famobra/produktbilleder/produktbilleder-Soft-drinks2.png]
[famobra.com/en/products/soft-drinks.html]
[famobra.com/Files/Images/Famobra/produktbilleder/produktbilleder-Beer-and-cider_new.png]
[famobra.com/en/products/beer-cider.html]
[famobra.com/Files/Images/Famobra/produktbilleder/produktbilleder-Wine.png]
[famobra.com/en/products/wine.html]
[famobra.com/Files/Images/Famobra/produktbilleder/produktbilleder-Confectionary.png]
[famobra.com/en/products/confectionery.html]
[famobra.com/Files/Images/Famobra/produktbilleder/produktbilleder-Food.png]
[famobra.com/en/products/food.html]
[famobra.com/Files/Images/Famobra/produktbilleder/produktbilleder-Baby.png]
[famobra.com/en/products/baby.html]
[famobra.com/Files/Images/Famobra/produktbilleder/produktbilleder-Pet-food.png]
[famobra.com/en/products/pet-food.html]
[famobra.com/Files/Images/Famobra/produktbilleder/produktbilleder-Nonfood2.png]
[famobra.com/en/products/nonfood.html]
[famobra.com/Files/Images/Famobra/brands/Brands_01-2.jpg]
[famobra.com/Files/Images/Famobra/brands/Brands_02.jpg]
[famobra.com/en/brands.html]
[famobra.com/Admin/Public/GetImage0b3b.png]
[famobra.com/en/container-shop.html]
[famobra.com/Files/Images/Famobra/DivBilleder/Famobra-lager-4.jpg]
[famobra.com/en/logistics.html]
[famobra.com/Files/Images/Famobra/DivBilleder/Famobra-logo-wall.jpg]
[famobra.com/en/contact.html]
[famobra.com/en/contact/newsletter.html]
[maxcdn.bootstrapcdn.com/bootstrap/3.3.4/css/bootstrap.min.css]
[famobra.com/Files/Images/bx_loader.html]
[famobra.com/Files/Images/controls.html]
[cdnjs.cloudflare.com/ajax/libs/handlebars.js/4.0.5/handlebars.min.js]
